// Jest Snapshot v1, https://goo.gl/fbAQLP

exports[`Pin should match the snapshot with the data passed through 1`] = `undefined`;
