// Jest Snapshot v1, https://goo.gl/fbAQLP

exports[`Header should match the snapshot with the data passed through 1`] = `
<section
  className="Header"
>
  <img
    alt="lotus-flower"
    id="lotus-header"
    src={
      Object {
        "ReactComponent": Object {
          "$$typeof": Symbol(react.forward_ref),
          "render": [Function],
        },
        "__esModule": true,
        "default": "lotus-flower.svg",
      }
    }
  />
  <h1
    id="text-header"
  >
    SafeSpace
  </h1>
</section>
`;
