// Jest Snapshot v1, https://goo.gl/fbAQLP

exports[`SuppliesForm should match the snapshot 1`] = `undefined`;
