// Jest Snapshot v1, https://goo.gl/fbAQLP

exports[`CheckOutForm should match the snapshot 1`] = `undefined`;

exports[`CheckOutForm should match the snapshot 2`] = `undefined`;

exports[`CheckOutForm should mock context 1`] = `undefined`;
